------------------------------------------------------------
Timing Analyzer Summary
------------------------------------------------------------

Type  : Slow 1100mV 85C Model Setup 'clk'
Slack : -2.343
TNS   : -15.699

Type  : Slow 1100mV 85C Model Hold 'clk'
Slack : 0.547
TNS   : 0.000

Type  : Slow 1100mV 85C Model Minimum Pulse Width 'clk'
Slack : -0.724
TNS   : -9.973

Type  : Slow 1100mV 0C Model Setup 'clk'
Slack : -2.399
TNS   : -16.284

Type  : Slow 1100mV 0C Model Hold 'clk'
Slack : 0.524
TNS   : 0.000

Type  : Slow 1100mV 0C Model Minimum Pulse Width 'clk'
Slack : -0.724
TNS   : -9.982

Type  : Fast 1100mV 85C Model Setup 'clk'
Slack : -0.368
TNS   : -1.466

Type  : Fast 1100mV 85C Model Hold 'clk'
Slack : 0.182
TNS   : 0.000

Type  : Fast 1100mV 85C Model Minimum Pulse Width 'clk'
Slack : -0.086
TNS   : -0.771

Type  : Fast 1100mV 0C Model Setup 'clk'
Slack : -0.276
TNS   : -1.004

Type  : Fast 1100mV 0C Model Hold 'clk'
Slack : 0.172
TNS   : 0.000

Type  : Fast 1100mV 0C Model Minimum Pulse Width 'clk'
Slack : -0.086
TNS   : -0.763

------------------------------------------------------------
